Component: ARM Compiler 5.06 update 1 (build 61) Tool: armlink [4d35a8]

==============================================================================

Section Cross References

    main.o(i.assert_nrf_callback) refers to app_error.o(i.app_error_handler) for app_error_handler
    main.o(i.ble_evt_dispatch) refers to device_manager_peripheral.o(i.dm_ble_evt_handler) for dm_ble_evt_handler
    main.o(i.ble_evt_dispatch) refers to ble_pbs.o(i.ble_pbs_on_ble_evt) for ble_pbs_on_ble_evt
    main.o(i.ble_evt_dispatch) refers to ble_conn_params.o(i.ble_conn_params_on_ble_evt) for ble_conn_params_on_ble_evt
    main.o(i.ble_evt_dispatch) refers to bsp_btn_ble.o(i.bsp_btn_ble_on_ble_evt) for bsp_btn_ble_on_ble_evt
    main.o(i.ble_evt_dispatch) refers to bsp.o(i.bsp_indication_set) for bsp_indication_set
    main.o(i.ble_evt_dispatch) refers to app_error.o(i.app_error_handler_bare) for app_error_handler_bare
    main.o(i.ble_evt_dispatch) refers to printfa.o(i.__0printf) for __2printf
    main.o(i.ble_evt_dispatch) refers to ble_advertising.o(i.ble_advertising_on_ble_evt) for ble_advertising_on_ble_evt
    main.o(i.ble_evt_dispatch) refers to main.o(.bss) for .bss
    main.o(i.ble_evt_dispatch) refers to main.o(.data) for .data
    main.o(i.ble_stack_init) refers to softdevice_handler.o(i.softdevice_handler_init) for softdevice_handler_init
    main.o(i.ble_stack_init) refers to app_error.o(i.app_error_handler_bare) for app_error_handler_bare
    main.o(i.ble_stack_init) refers to softdevice_handler.o(i.softdevice_enable_get_default_config) for softdevice_enable_get_default_config
    main.o(i.ble_stack_init) refers to softdevice_handler.o(i.sd_check_ram_start) for sd_check_ram_start
    main.o(i.ble_stack_init) refers to softdevice_handler.o(i.softdevice_enable) for softdevice_enable
    main.o(i.ble_stack_init) refers to softdevice_handler.o(i.softdevice_ble_evt_handler_set) for softdevice_ble_evt_handler_set
    main.o(i.ble_stack_init) refers to softdevice_handler.o(i.softdevice_sys_evt_handler_set) for softdevice_sys_evt_handler_set
    main.o(i.ble_stack_init) refers to main.o(.bss) for .bss
    main.o(i.ble_stack_init) refers to main.o(i.ble_evt_dispatch) for ble_evt_dispatch
    main.o(i.ble_stack_init) refers to main.o(i.sys_evt_dispatch) for sys_evt_dispatch
    main.o(i.bsp_event_handler) refers to printfa.o(i.__0printf) for __2printf
    main.o(i.bsp_event_handler) refers to main.o(i.sleep_mode_enter) for sleep_mode_enter
    main.o(i.bsp_event_handler) refers to app_error.o(i.app_error_handler_bare) for app_error_handler_bare
    main.o(i.bsp_event_handler) refers to ble_advertising.o(i.ble_advertising_restart_without_whitelist) for ble_advertising_restart_without_whitelist
    main.o(i.bsp_event_handler) refers to main.o(.data) for .data
    main.o(i.conn_params_error_handler) refers to app_error.o(i.app_error_handler_bare) for app_error_handler_bare
    main.o(i.device_manager_evt_handler) refers to app_error.o(i.app_error_handler_bare) for app_error_handler_bare
    main.o(i.device_manager_init) refers to pstorage.o(i.pstorage_init) for pstorage_init
    main.o(i.device_manager_init) refers to app_error.o(i.app_error_handler_bare) for app_error_handler_bare
    main.o(i.device_manager_init) refers to device_manager_peripheral.o(i.dm_init) for dm_init
    main.o(i.device_manager_init) refers to device_manager_peripheral.o(i.dm_register) for dm_register
    main.o(i.device_manager_init) refers to main.o(i.device_manager_evt_handler) for device_manager_evt_handler
    main.o(i.device_manager_init) refers to main.o(.data) for .data
    main.o(i.dhrc_timeout_handler) refers to int_flash.o(i.flash_data_set_init) for flash_data_set_init
    main.o(i.dhrc_timeout_handler) refers to int_flash.o(i.flash_data_set_write) for flash_data_set_write
    main.o(i.dhrc_timeout_handler) refers to nrf_delay.o(i.nrf_delay_ms) for nrf_delay_ms
    main.o(i.dhrc_timeout_handler) refers to ble_pbs.o(i.ble_pbs_esc_update) for ble_pbs_esc_update
    main.o(i.dhrc_timeout_handler) refers to printfa.o(i.__0printf) for __2printf
    main.o(i.dhrc_timeout_handler) refers to memseta.o(.text) for __aeabi_memclr4
    main.o(i.dhrc_timeout_handler) refers to int_flash.o(i.flash_data_set_read) for flash_data_set_read
    main.o(i.dhrc_timeout_handler) refers to ble_pbs.o(i.ble_pbs_cdrc_update) for ble_pbs_cdrc_update
    main.o(i.dhrc_timeout_handler) refers to main.o(.data) for .data
    main.o(i.dhrc_timeout_handler) refers to ble_pbs.o(.data) for esc_notify_flag
    main.o(i.dhrc_timeout_handler) refers to main.o(.bss) for .bss
    main.o(i.gap_params_init) refers to app_error.o(i.app_error_handler_bare) for app_error_handler_bare
    main.o(i.main) refers to app_uart_fifo.o(i.app_uart_init) for app_uart_init
    main.o(i.main) refers to app_error.o(i.app_error_handler_bare) for app_error_handler_bare
    main.o(i.main) refers to app_timer.o(i.app_timer_init) for app_timer_init
[...]
    nrf_gpio_cfg_output                      0x000204d3   Thumb Code    20  nrf_drv_uart.o(i.nrf_gpio_cfg_output)
    i.nrf_gpio_cfg_sense_set                 0x000204e6   Section        0  nrf_drv_gpiote.o(i.nrf_gpio_cfg_sense_set)
    nrf_gpio_cfg_sense_set                   0x000204e7   Thumb Code    28  nrf_drv_gpiote.o(i.nrf_gpio_cfg_sense_set)
    i.nrf_gpiote_event_clear                 0x00020504   Section        0  nrf_drv_gpiote.o(i.nrf_gpiote_event_clear)
    nrf_gpiote_event_clear                   0x00020505   Thumb Code    16  nrf_drv_gpiote.o(i.nrf_gpiote_event_clear)
    i.nrf_gpiote_event_is_set                0x00020518   Section        0  nrf_drv_gpiote.o(i.nrf_gpiote_event_is_set)
    nrf_gpiote_event_is_set                  0x00020519   Thumb Code    12  nrf_drv_gpiote.o(i.nrf_gpiote_event_is_set)
    i.nrf_uart_event_check                   0x00020528   Section        0  nrf_drv_uart.o(i.nrf_uart_event_check)
    nrf_uart_event_check                     0x00020529   Thumb Code    10  nrf_drv_uart.o(i.nrf_uart_event_check)
    i.nrf_uart_int_enable_check              0x00020532   Section        0  nrf_drv_uart.o(i.nrf_uart_int_enable_check)
    nrf_uart_int_enable_check                0x00020533   Thumb Code    12  nrf_drv_uart.o(i.nrf_uart_int_enable_check)
    i.nrf_uarte_event_check                  0x0002053e   Section        0  nrf_drv_uart.o(i.nrf_uarte_event_check)
    nrf_uarte_event_check                    0x0002053f   Thumb Code    10  nrf_drv_uart.o(i.nrf_uarte_event_check)
    i.on_adv_evt                             0x00020548   Section        0  main.o(i.on_adv_evt)
    on_adv_evt                               0x00020549   Thumb Code    36  main.o(i.on_adv_evt)
    i.on_conn_params_evt                     0x0002056c   Section        0  main.o(i.on_conn_params_evt)
    on_conn_params_evt                       0x0002056d   Thumb Code    14  main.o(i.on_conn_params_evt)
    i.on_write                               0x00020598   Section        0  ble_pbs.o(i.on_write)
    on_write                                 0x00020599   Thumb Code   174  ble_pbs.o(i.on_write)
    i.pbs_char_add                           0x000206c8   Section        0  ble_pbs.o(i.pbs_char_add)
    pbs_char_add                             0x000206c9   Thumb Code   124  ble_pbs.o(i.pbs_char_add)
    i.peer_address_exists                    0x00020748   Section        0  ble_advertising.o(i.peer_address_exists)
    peer_address_exists                      0x00020749   Thumb Code    20  ble_advertising.o(i.peer_address_exists)
    i.peer_instance_init                     0x0002075c   Section        0  device_manager_peripheral.o(i.peer_instance_init)
    peer_instance_init                       0x0002075d   Thumb Code    60  device_manager_peripheral.o(i.peer_instance_init)
    i.pin_in_use_by_port                     0x0002079c   Section        0  nrf_drv_gpiote.o(i.pin_in_use_by_port)
    pin_in_use_by_port                       0x0002079d   Thumb Code    20  nrf_drv_gpiote.o(i.pin_in_use_by_port)
    i.pin_in_use_by_te                       0x000207b4   Section        0  nrf_drv_gpiote.o(i.pin_in_use_by_te)
    pin_in_use_by_te                         0x000207b5   Thumb Code    20  nrf_drv_gpiote.o(i.pin_in_use_by_te)
    i.pstorage_access_status_get             0x000207cc   Section        0  pstorage.o(i.pstorage_access_status_get)
    i.pstorage_block_identifier_get          0x000207f0   Section        0  pstorage.o(i.pstorage_block_identifier_get)
    i.pstorage_clear                         0x00020844   Section        0  pstorage.o(i.pstorage_clear)
    i.pstorage_flash_page_end                0x000208e0   Section        0  pstorage.o(i.pstorage_flash_page_end)
    pstorage_flash_page_end                  0x000208e1   Thumb Code    30  pstorage.o(i.pstorage_flash_page_end)
    i.pstorage_flash_page_size               0x000208fe   Section        0  pstorage.o(i.pstorage_flash_page_size)
    pstorage_flash_page_size                 0x000208ff   Thumb Code    10  pstorage.o(i.pstorage_flash_page_size)
    i.pstorage_init                          0x00020908   Section        0  pstorage.o(i.pstorage_init)
    i.pstorage_load                          0x00020968   Section        0  pstorage.o(i.pstorage_load)
    i.pstorage_register                      0x00020a10   Section        0  pstorage.o(i.pstorage_register)
    i.pstorage_store                         0x00020ac4   Section        0  pstorage.o(i.pstorage_store)
    i.pstorage_sys_event_handler             0x00020b4c   Section        0  pstorage.o(i.pstorage_sys_event_handler)
    i.pstorage_update                        0x00020b94   Section        0  pstorage.o(i.pstorage_update)
    i.rtc1_stop                              0x00020c1c   Section        0  app_timer.o(i.rtc1_stop)
    rtc1_stop                                0x00020c1d   Thumb Code    52  app_timer.o(i.rtc1_stop)
    i.rx_byte                                0x00020c58   Section        0  nrf_drv_uart.o(i.rx_byte)
    rx_byte                                  0x00020c59   Thumb Code    38  nrf_drv_uart.o(i.rx_byte)
    i.rx_done_event                          0x00020c88   Section        0  nrf_drv_uart.o(i.rx_done_event)
    rx_done_event                            0x00020c89   Thumb Code    26  nrf_drv_uart.o(i.rx_done_event)
    i.rx_enable                              0x00020ca8   Section        0  nrf_drv_uart.o(i.rx_enable)
    rx_enable                                0x00020ca9   Thumb Code    18  nrf_drv_uart.o(i.rx_enable)
    i.sd_check_ram_start                     0x00020cc0   Section        0  softdevice_handler.o(i.sd_check_ram_start)
    i.sensorsim_init                         0x00020cd0   Section        0  sensorsim.o(i.sensorsim_init)
    i.service_data_encode                    0x00020ce8   Section        0  ble_advdata.o(i.service_data_encode)
    service_data_encode                      0x00020ce9   Thumb Code   136  ble_advdata.o(i.service_data_encode)
    i.services_init                          0x00020d70   Section        0  main.o(i.services_init)
    services_init                            0x00020d71   Thumb Code   206  main.o(i.services_init)
    i.sleep_mode_enter                       0x00020e44   Section        0  main.o(i.sleep_mode_enter)
    sleep_mode_enter                         0x00020e45   Thumb Code    40  main.o(i.sleep_mode_enter)
    i.sm_state_change                        0x00020e6c   Section        0  pstorage.o(i.sm_state_change)
    sm_state_change                          0x00020e6d   Thumb Code    52  pstorage.o(i.sm_state_change)
    i.softdevice_ble_evt_handler_set         0x00020ea8   Section        0  softdevice_handler.o(i.softdevice_ble_evt_handler_set)
    i.softdevice_enable                      0x00020ebc   Section        0  softdevice_handler.o(i.softdevice_enable)
    i.softdevice_enable_get_default_config   0x00020ed0   Section        0  softdevice_handler.o(i.softdevice_enable_get_default_config)
    i.softdevice_fault_handler               0x00020ef6   Section        0  softdevice_handler.o(i.softdevice_fault_handler)
    i.softdevice_handler_init                0x00020efc   Section        0  softdevice_handler.o(i.softdevice_handler_init)
    i.softdevice_sys_evt_handler_set         0x00020f2c   Section        0  softdevice_handler.o(i.softdevice_sys_evt_handler_set)
    i.state_data_erase_swap_entry_run        0x00020f40   Section        0  pstorage.o(i.state_data_erase_swap_entry_run)
    state_data_erase_swap_entry_run          0x00020f41   Thumb Code    96  pstorage.o(i.state_data_erase_swap_entry_run)
    i.state_erase_data_page_entry_run        0x00020fa8   Section        0  pstorage.o(i.state_erase_data_page_entry_run)
    state_erase_data_page_entry_run          0x00020fa9   Thumb Code     8  pstorage.o(i.state_erase_data_page_entry_run)
    i.state_restore_head_entry_run           0x00020fb4   Section        0  pstorage.o(i.state_restore_head_entry_run)
    state_restore_head_entry_run             0x00020fb5   Thumb Code    38  pstorage.o(i.state_restore_head_entry_run)
    i.state_restore_tail_entry_run           0x00020fe0   Section        0  pstorage.o(i.state_restore_tail_entry_run)
    state_restore_tail_entry_run             0x00020fe1   Thumb Code    72  pstorage.o(i.state_restore_tail_entry_run)
    i.state_swap_erase_entry_run             0x00021030   Section        0  pstorage.o(i.state_swap_erase_entry_run)
    state_swap_erase_entry_run               0x00021031   Thumb Code    30  pstorage.o(i.state_swap_erase_entry_run)
    i.state_write_data_swap_entry_run        0x00021050   Section        0  pstorage.o(i.state_write_data_swap_entry_run)
    state_write_data_swap_entry_run          0x00021051   Thumb Code    44  pstorage.o(i.state_write_data_swap_entry_run)
    i.storage_operation_dummy_handler        0x00021080   Section        0  device_manager_peripheral.o(i.storage_operation_dummy_handler)
    storage_operation_dummy_handler          0x00021081   Thumb Code     4  device_manager_peripheral.o(i.storage_operation_dummy_handler)
    i.store_cmd_flash_write_execute          0x00021084   Section        0  pstorage.o(i.store_cmd_flash_write_execute)
    store_cmd_flash_write_execute            0x00021085   Thumb Code    84  pstorage.o(i.store_cmd_flash_write_execute)
    i.swap_erase_state_run                   0x000210e0   Section        0  pstorage.o(i.swap_erase_state_run)
    swap_erase_state_run                     0x000210e1   Thumb Code    18  pstorage.o(i.swap_erase_state_run)
    i.swap_sub_state_err_busy_process        0x000210f8   Section        0  pstorage.o(i.swap_sub_state_err_busy_process)
    swap_sub_state_err_busy_process          0x000210f9   Thumb Code    16  pstorage.o(i.swap_sub_state_err_busy_process)
    i.swap_sub_state_state_change            0x0002110c   Section        0  pstorage.o(i.swap_sub_state_state_change)
    swap_sub_state_state_change              0x0002110d   Thumb Code    12  pstorage.o(i.swap_sub_state_state_change)
    i.sys_evt_dispatch                       0x00021120   Section        0  main.o(i.sys_evt_dispatch)
    sys_evt_dispatch                         0x00021121   Thumb Code    18  main.o(i.sys_evt_dispatch)
    i.tail_restore_state_run                 0x00021134   Section        0  pstorage.o(i.tail_restore_state_run)
    tail_restore_state_run                   0x00021135   Thumb Code    16  pstorage.o(i.tail_restore_state_run)
    i.timer_list_handler                     0x00021148   Section        0  app_timer.o(i.timer_list_handler)
    timer_list_handler                       0x00021149   Thumb Code   134  app_timer.o(i.timer_list_handler)
    i.timer_list_insert                      0x000211d4   Section        0  app_timer.o(i.timer_list_insert)
    timer_list_insert                        0x000211d5   Thumb Code    56  app_timer.o(i.timer_list_insert)
    i.timer_timeouts_check                   0x00021210   Section        0  app_timer.o(i.timer_timeouts_check)
    timer_timeouts_check                     0x00021211   Thumb Code   124  app_timer.o(i.timer_timeouts_check)
    i.tx_byte                                0x00021294   Section        0  nrf_drv_uart.o(i.tx_byte)
    tx_byte                                  0x00021295   Thumb Code    28  nrf_drv_uart.o(i.tx_byte)
    i.tx_done_event                          0x000212b8   Section        0  nrf_drv_uart.o(i.tx_done_event)
    tx_done_event                            0x000212b9   Thumb Code    30  nrf_drv_uart.o(i.tx_done_event)
    i.uart_event_handler                     0x000212dc   Section        0  app_uart_fifo.o(i.uart_event_handler)
    uart_event_handler                       0x000212dd   Thumb Code   160  app_uart_fifo.o(i.uart_event_handler)
    i.uart_events_handler                    0x00021384   Section        0  main.o(i.uart_events_handler)
    uart_events_handler                      0x00021385   Thumb Code    18  main.o(i.uart_events_handler)
    i.uart_irq_handler                       0x00021398   Section        0  nrf_drv_uart.o(i.uart_irq_handler)
    uart_irq_handler                         0x00021399   Thumb Code   254  nrf_drv_uart.o(i.uart_irq_handler)
    i.uarte_irq_handler                      0x000214a0   Section        0  nrf_drv_uart.o(i.uarte_irq_handler)
    uarte_irq_handler                        0x000214a1   Thumb Code   206  nrf_drv_uart.o(i.uarte_irq_handler)
    i.uint16_encode                          0x00021578   Section        0  ble_pbs.o(i.uint16_encode)
    uint16_encode                            0x00021579   Thumb Code    10  ble_pbs.o(i.uint16_encode)
    i.uint16_encode                          0x00021582   Section        0  ble_advdata.o(i.uint16_encode)
    uint16_encode                            0x00021583   Thumb Code    10  ble_advdata.o(i.uint16_encode)
    i.uint32_encode                          0x0002158c   Section        0  ble_pbs.o(i.uint32_encode)
    uint32_encode                            0x0002158d   Thumb Code    18  ble_pbs.o(i.uint32_encode)
    i.update_status_bit_reset                0x000215a0   Section        0  device_manager_peripheral.o(i.update_status_bit_reset)
    update_status_bit_reset                  0x000215a1   Thumb Code    14  device_manager_peripheral.o(i.update_status_bit_reset)
    i.update_timeout_handler                 0x000215b4   Section        0  ble_conn_params.o(i.update_timeout_handler)
    update_timeout_handler                   0x000215b5   Thumb Code    88  ble_conn_params.o(i.update_timeout_handler)
    i.user_id_get                            0x00021614   Section        0  app_timer.o(i.user_id_get)
    user_id_get                              0x00021615   Thumb Code    62  app_timer.o(i.user_id_get)
    i.user_op_alloc                          0x00021658   Section        0  app_timer.o(i.user_op_alloc)
    user_op_alloc                            0x00021659   Thumb Code    40  app_timer.o(i.user_op_alloc)
    i.uuid_list_encode                       0x00021680   Section        0  ble_advdata.o(i.uuid_list_encode)
    uuid_list_encode                         0x00021681   Thumb Code    48  ble_advdata.o(i.uuid_list_encode)
    i.uuid_list_sized_encode                 0x000216b0   Section        0  ble_advdata.o(i.uuid_list_sized_encode)
    uuid_list_sized_encode                   0x000216b1   Thumb Code   158  ble_advdata.o(i.uuid_list_sized_encode)
    i.whitelist_has_entries                  0x0002174e   Section        0  ble_advertising.o(i.whitelist_has_entries)
    whitelist_has_entries                    0x0002174f   Thumb Code    14  ble_advertising.o(i.whitelist_has_entries)
    .constdata                               0x0002175c   Section       16  main.o(.constdata)
    m_data_header_report_id                  0x0002175c   Data           4  main.o(.constdata)
    .constdata                               0x0002176c   Section       16  ble_pbs.o(.constdata)
    .constdata                               0x0002177c   Section       60  bsp.o(.constdata)
    m_leds_timer_id                          0x0002177c   Data           4  bsp.o(.constdata)
    m_alert_timer_id                         0x00021780   Data           4  bsp.o(.constdata)
    m_button_timer_id                        0x00021784   Data           4  bsp.o(.constdata)
    m_buttons_list                           0x00021788   Data          16  bsp.o(.constdata)
    app_buttons                              0x00021798   Data          32  bsp.o(.constdata)
    .constdata                               0x000217b8   Section        4  ble_conn_params.o(.constdata)
    m_conn_params_timer_id                   0x000217b8   Data           4  ble_conn_params.o(.constdata)
    .constdata                               0x000217bc   Section       52  device_manager_peripheral.o(.constdata)
    .constdata                               0x000217f0   Section       32  nrf_drv_uart.o(.constdata)
    m_default_config                         0x000217f0   Data          32  nrf_drv_uart.o(.constdata)
    .constdata                               0x00021810   Section       40  pstorage.o(.constdata)
    swap_sub_state_sm_lut                    0x00021810   Data          20  pstorage.o(.constdata)
    swap_sub_state_sm_lut                    0x00021824   Data          20  pstorage.o(.constdata)
    .constdata                               0x00021838   Section       32  app_uart_fifo.o(.constdata)
    .constdata                               0x00021858   Section        8  app_button.o(.constdata)
    m_detection_delay_timer_id               0x00021858   Data           4  app_button.o(.constdata)
    .data                                    0x20001f00   Section       20  main.o(.data)
    rx_buf                                   0x20001f00   Data           1  main.o(.data)
    m_app_handle                             0x20001f01   Data           1  main.o(.data)
    m_conn_handle                            0x20001f02   Data           2  main.o(.data)
    m_adv_uuids                              0x20001f04   Data           4  main.o(.data)
    pktCounter                               0x20001f08   Data           4  main.o(.data)
    m_drhc_sim_state                         0x20001f0c   Data           8  main.o(.data)
    .data                                    0x20001f14   Section       48  int_flash.o(.data)
    .data                                    0x20001f44   Section        8  ble_pbs.o(.data)
    service_handle                           0x20001f4a   Data           2  ble_pbs.o(.data)
    .data                                    0x20001f4c   Section       24  bsp.o(.data)
    m_stable_state                           0x20001f4c   Data           1  bsp.o(.data)
    current_long_push_pin_no                 0x20001f4d   Data           1  bsp.o(.data)
    m_app_ticks_per_100ms                    0x20001f50   Data           4  bsp.o(.data)
    m_indication_type                        0x20001f54   Data           4  bsp.o(.data)
    m_alert_mask                             0x20001f58   Data           4  bsp.o(.data)
    m_registered_callback                    0x20001f5c   Data           4  bsp.o(.data)
    release_event_at_push                    0x20001f60   Data           4  bsp.o(.data)
    .data                                    0x20001f64   Section        8  bsp_btn_ble.o(.data)
    m_error_handler                          0x20001f64   Data           4  bsp_btn_ble.o(.data)
    m_num_connections                        0x20001f68   Data           4  bsp_btn_ble.o(.data)
    .data                                    0x20001f6c   Section       31  ble_advertising.o(.data)
    m_advertising_start_pending              0x20001f6c   Data           1  ble_advertising.o(.data)
    m_whitelist_temporarily_disabled         0x20001f6d   Data           1  ble_advertising.o(.data)
    m_whitelist_reply_expected               0x20001f6e   Data           1  ble_advertising.o(.data)
    m_peer_addr_reply_expected               0x20001f6f   Data           1  ble_advertising.o(.data)
    m_adv_evt                                0x20001f70   Data           1  ble_advertising.o(.data)
    m_adv_mode_current                       0x20001f71   Data           1  ble_advertising.o(.data)
    m_tx_power_level                         0x20001f72   Data           1  ble_advertising.o(.data)
    current_slave_link_conn_handle           0x20001f74   Data           2  ble_advertising.o(.data)
    m_evt_handler                            0x20001f78   Data           4  ble_advertising.o(.data)
    m_error_handler                          0x20001f7c   Data           4  ble_advertising.o(.data)
    m_slave_conn_int                         0x20001f80   Data           4  ble_advertising.o(.data)
    m_peer_address                           0x20001f84   Data           7  ble_advertising.o(.data)
    .data                                    0x20001f8c   Section       20  ble_conn_params.o(.data)
    m_change_param                           0x20001f8c   Data           1  ble_conn_params.o(.data)
    m_update_count                           0x20001f8d   Data           1  ble_conn_params.o(.data)
    m_conn_handle                            0x20001f8e   Data           2  ble_conn_params.o(.data)
    m_preferred_conn_params                  0x20001f90   Data           8  ble_conn_params.o(.data)
    m_current_conn_params                    0x20001f98   Data           8  ble_conn_params.o(.data)
    .data                                    0x20001fa0   Section       24  device_manager_peripheral.o(.data)
    m_module_initialized                     0x20001fa0   Data           1  device_manager_peripheral.o(.data)
    m_peer_addr_update                       0x20001fa4   Data           4  device_manager_peripheral.o(.data)
    m_irk_index_table                        0x20001fa8   Data           7  device_manager_peripheral.o(.data)
    m_storage_handle                         0x20001fb0   Data           8  device_manager_peripheral.o(.data)
    .data                                    0x20001fb8   Section       36  pstorage.o(.data)
    m_state                                  0x20001fb8   Data           1  pstorage.o(.data)
    m_swap_sub_state                         0x20001fb9   Data           1  pstorage.o(.data)
    m_next_app_instance                      0x20001fba   Data           2  pstorage.o(.data)
    m_flags                                  0x20001fbc   Data           4  pstorage.o(.data)
    m_next_page_addr                         0x20001fc0   Data           4  pstorage.o(.data)
    m_head_word_size                         0x20001fc4   Data           4  pstorage.o(.data)
    m_tail_word_size                         0x20001fc8   Data           4  pstorage.o(.data)
    m_current_page_id                        0x20001fcc   Data           4  pstorage.o(.data)
    m_num_of_command_retries                 0x20001fd0   Data           4  pstorage.o(.data)
    m_num_of_bytes_written                   0x20001fd4   Data           4  pstorage.o(.data)
    m_app_data_size                          0x20001fd8   Data           4  pstorage.o(.data)
    .data                                    0x20001fdc   Section        8  app_uart_fifo.o(.data)
    tx_buffer                                0x20001fdc   Data           1  app_uart_fifo.o(.data)
    tx_tmp                                   0x20001fdd   Data           1  app_uart_fifo.o(.data)
    rx_buffer                                0x20001fde   Data           1  app_uart_fifo.o(.data)
    m_event_handler                          0x20001fe0   Data           4  app_uart_fifo.o(.data)
    .data                                    0x20001fe4   Section       20  app_button.o(.data)
    m_button_count                           0x20001fe4   Data           1  app_button.o(.data)
    mp_buttons                               0x20001fe8   Data           4  app_button.o(.data)
    m_detection_delay                        0x20001fec   Data           4  app_button.o(.data)
    m_pin_state                              0x20001ff0   Data           4  app_button.o(.data)
    m_pin_transition                         0x20001ff4   Data           4  app_button.o(.data)
    .data                                    0x20001ff8   Section        4  retarget.o(.data)
    .data                                    0x20001ffc   Section       32  app_timer.o(.data)
    m_user_array_size                        0x20001ffc   Data           1  app_timer.o(.data)
    m_ticks_elapsed_q_read_ind               0x20001ffd   Data           1  app_timer.o(.data)
    m_ticks_elapsed_q_write_ind              0x20001ffe   Data           1  app_timer.o(.data)
    m_rtc1_running                           0x20001fff   Data           1  app_timer.o(.data)
    m_rtc1_reset                             0x20002000   Data           1  app_timer.o(.data)
    mp_users                                 0x20002004   Data           4  app_timer.o(.data)
    mp_timer_id_head                         0x20002008   Data           4  app_timer.o(.data)
    m_ticks_latest                           0x2000200c   Data           4  app_timer.o(.data)
    m_evt_schedule_func                      0x20002010   Data           4  app_timer.o(.data)
    m_ticks_elapsed                          0x20002014   Data           8  app_timer.o(.data)
    .data                                    0x2000201c   Section       20  softdevice_handler.o(.data)
    m_softdevice_enabled                     0x2000201c   Data           1  softdevice_handler.o(.data)
    m_ble_evt_buffer_size                    0x2000201e   Data           2  softdevice_handler.o(.data)
    m_evt_schedule_func                      0x20002020   Data           4  softdevice_handler.o(.data)
    mp_ble_evt_buffer                        0x20002024   Data           4  softdevice_handler.o(.data)
    m_ble_evt_handler                        0x20002028   Data           4  softdevice_handler.o(.data)
    m_sys_evt_handler                        0x2000202c   Data           4  softdevice_handler.o(.data)
    .data                                    0x20002030   Section        4  system_nrf52.o(.data)
    __tagsym$$used                           0x20002030   Number         0  system_nrf52.o(.data)
    .data                                    0x20002034   Section        4  mvars.o(.data)
    .data                                    0x20002038   Section        4  mvars.o(.data)
    .bss                                     0x2000203c   Section       32  main.o(.bss)
    m_data_header_report_id_data             0x2000203c   Data          32  main.o(.bss)
    .bss                                     0x2000205c   Section      908  main.o(.bss)
    APP_TIMER_BUF                            0x2000205c   Data         456  main.o(.bss)
    BLE_EVT_BUFFER                           0x20002224   Data          72  main.o(.bss)
    tx_buf                                   0x2000226c   Data         256  main.o(.bss)
    m_pbs                                    0x2000236c   Data         108  main.o(.bss)
    m_drhc_sim_cfg                           0x200023d8   Data          16  main.o(.bss)
    .bss                                     0x200023e8   Section       96  int_flash.o(.bss)
    .bss                                     0x20002448   Section       32  bsp.o(.bss)
    m_leds_timer_id_data                     0x20002448   Data          32  bsp.o(.bss)
    .bss                                     0x20002468   Section       32  bsp.o(.bss)
    m_alert_timer_id_data                    0x20002468   Data          32  bsp.o(.bss)
    .bss                                     0x20002488   Section       12  bsp.o(.bss)
    m_events_list                            0x20002488   Data          12  bsp.o(.bss)
    .bss                                     0x20002494   Section       32  bsp.o(.bss)
    m_button_timer_id_data                   0x20002494   Data          32  bsp.o(.bss)
    .bss                                     0x200024b4   Section      259  ble_advertising.o(.bss)
    m_advdata                                0x200024b4   Data          56  ble_advertising.o(.bss)
    m_adv_modes_config                       0x200024ec   Data          36  ble_advertising.o(.bss)
    m_whitelist                              0x20002510   Data          16  ble_advertising.o(.bss)
    mp_whitelist_addr                        0x20002520   Data          32  ble_advertising.o(.bss)
    mp_whitelist_irk                         0x20002540   Data          32  ble_advertising.o(.bss)
    m_manuf_specific_data                    0x20002560   Data          12  ble_advertising.o(.bss)
    m_manuf_data_array                       0x2000256c   Data          31  ble_advertising.o(.bss)
    m_service_data                           0x2000258c   Data          12  ble_advertising.o(.bss)
    m_service_data_array                     0x20002598   Data          31  ble_advertising.o(.bss)
    .bss                                     0x200025b8   Section       32  ble_conn_params.o(.bss)
    m_conn_params_timer_id_data              0x200025b8   Data          32  ble_conn_params.o(.bss)
    .bss                                     0x200025d8   Section       28  ble_conn_params.o(.bss)
    m_conn_params_config                     0x200025d8   Data          28  ble_conn_params.o(.bss)
    .bss                                     0x200025f4   Section      335  device_manager_peripheral.o(.bss)
    m_app_context_table                      0x200025f4   Data          28  device_manager_peripheral.o(.bss)
    m_peer_table                             0x20002610   Data         196  device_manager_peripheral.o(.bss)
    m_bond_table                             0x200026d4   Data          28  device_manager_peripheral.o(.bss)
    m_gatts_table                            0x200026f0   Data          36  device_manager_peripheral.o(.bss)
    m_connection_table                       0x20002714   Data          12  device_manager_peripheral.o(.bss)
    m_application_table                      0x20002720   Data          12  device_manager_peripheral.o(.bss)
    m_local_id_info                          0x2000272c   Data          23  device_manager_peripheral.o(.bss)
    .bss                                     0x20002744   Section       88  nrf_drv_gpiote.o(.bss)
    m_cb                                     0x20002744   Data          88  nrf_drv_gpiote.o(.bss)
    .bss                                     0x2000279c   Section       32  nrf_drv_uart.o(.bss)
    m_cb                                     0x2000279c   Data          32  nrf_drv_uart.o(.bss)
    .bss                                     0x200027bc   Section      628  pstorage.o(.bss)
    m_cmd_queue                              0x200027bc   Data         604  pstorage.o(.bss)
    m_app_table                              0x20002a18   Data          24  pstorage.o(.bss)
    .bss                                     0x20002a30   Section       32  app_uart_fifo.o(.bss)
    m_rx_fifo                                0x20002a30   Data          16  app_uart_fifo.o(.bss)
    m_tx_fifo                                0x20002a40   Data          16  app_uart_fifo.o(.bss)
    .bss                                     0x20002a50   Section       32  app_button.o(.bss)
    m_detection_delay_timer_id_data          0x20002a50   Data          32  app_button.o(.bss)
    HEAP                                     0x20002a70   Section     8192  arm_startup_nrf52.o(HEAP)
    STACK                                    0x20004a70   Section     8192  arm_startup_nrf52.o(STACK)

    Global Symbols

    Symbol Name                              Value     Ov Type        Size  Object(Section)

    BuildAttributes$$THM_ISAv4$E$P$D$K$B$S$7EM$VFPi3$EXTD16$VFPS$VFMA$PE$A:L22UL41UL21$X:L11$S22US41US21$IEEE1$IW$USESV6$~STKCKD$USESV7$~SHL$OSPACE$ROPI$EBA8$MICROLIB$REQ8$PRES8$EABIv2 0x00000000   Number         0  anon$$obj.o ABSOLUTE
    __ARM_use_no_argv                        0x00000000   Number         0  main.o ABSOLUTE
    _printf_a                                0x00000000   Number         0  stubs.o ABSOLUTE
    _printf_c                                0x00000000   Number         0  stubs.o ABSOLUTE
    _printf_charcount                        0x00000000   Number         0  stubs.o ABSOLUTE
    _printf_d                                0x00000000   Number         0  stubs.o ABSOLUTE
    _printf_e                                0x00000000   Number         0  stubs.o ABSOLUTE
    _printf_f                                0x00000000   Number         0  stubs.o ABSOLUTE
    _printf_flags                            0x00000000   Number         0  stubs.o ABSOLUTE
    _printf_fp_dec                           0x00000000   Number         0  stubs.o ABSOLUTE
    _printf_fp_hex                           0x00000000   Number         0  stubs.o ABSOLUTE
    _printf_g                                0x00000000   Number         0  stubs.o ABSOLUTE
    _printf_i                                0x00000000   Number         0  stubs.o ABSOLUTE
    _printf_int_dec                          0x00000000   Number         0  stubs.o ABSOLUTE
    _printf_l                                0x00000000   Number         0  stubs.o ABSOLUTE
    _printf_lc                               0x00000000   Number         0  stubs.o ABSOLUTE
    _printf_ll                               0x00000000   Number         0  stubs.o ABSOLUTE
    _printf_lld                              0x00000000   Number         0  stubs.o ABSOLUTE
    _printf_lli                              0x00000000   Number         0  stubs.o ABSOLUTE
    _printf_llo                              0x00000000   Number         0  stubs.o ABSOLUTE
    _printf_llu                              0x00000000   Number         0  stubs.o ABSOLUTE
    _printf_llx                              0x00000000   Number         0  stubs.o ABSOLUTE
    _printf_longlong_dec                     0x00000000   Number         0  stubs.o ABSOLUTE
    _printf_longlong_hex                     0x00000000   Number         0  stubs.o ABSOLUTE
    _printf_longlong_oct                     0x00000000   Number         0  stubs.o ABSOLUTE
    _printf_ls                               0x00000000   Number         0  stubs.o ABSOLUTE
    _printf_mbtowc                           0x00000000   Number         0  stubs.o ABSOLUTE
    _printf_n                                0x00000000   Number         0  stubs.o ABSOLUTE
    _printf_o                                0x00000000   Number         0  stubs.o ABSOLUTE
    _printf_p                                0x00000000   Number         0  stubs.o ABSOLUTE
    _printf_percent                          0x00000000   Number         0  stubs.o ABSOLUTE
    _printf_pre_padding                      0x00000000   Number         0  stubs.o ABSOLUTE
    _printf_return_value                     0x00000000   Number         0  stubs.o ABSOLUTE
    _printf_s                                0x00000000   Number         0  stubs.o ABSOLUTE
    _printf_sizespec                         0x00000000   Number         0  stubs.o ABSOLUTE
    _printf_str                              0x00000000   Number         0  stubs.o ABSOLUTE
    _printf_truncate_signed                  0x00000000   Number         0  stubs.o ABSOLUTE
    _printf_truncate_unsigned                0x00000000   Number         0  stubs.o ABSOLUTE
    _printf_u                                0x00000000   Number         0  stubs.o ABSOLUTE
    _printf_wc                               0x00000000   Number         0  stubs.o ABSOLUTE
    _printf_wctomb                           0x00000000   Number         0  stubs.o ABSOLUTE
    _printf_widthprec                        0x00000000   Number         0  stubs.o ABSOLUTE
    _printf_x                                0x00000000   Number         0  stubs.o ABSOLUTE
    __cpp_initialize__aeabi_                  - Undefined Weak Reference
    __cxa_finalize                            - Undefined Weak Reference
    _clock_init                               - Undefined Weak Reference
    _microlib_exit                            - Undefined Weak Reference
    __Vectors_Size                           0x00000400   Number         0  arm_startup_nrf52.o ABSOLUTE
    __Vectors                                0x0001b000   Data           4  arm_startup_nrf52.o(RESET)
    __Vectors_End                            0x0001b400   Data           0  arm_startup_nrf52.o(RESET)
    __main                                   0x0001b401   Thumb Code     0  entry.o(.ARM.Collect$$$$00000000)
    _main_stk                                0x0001b401   Thumb Code     0  entry2.o(.ARM.Collect$$$$00000001)
    _main_scatterload                        0x0001b405   Thumb Code     0  entry5.o(.ARM.Collect$$$$00000004)
    __main_after_scatterload                 0x0001b409   Thumb Code     0  entry5.o(.ARM.Collect$$$$00000004)
    _main_clock                              0x0001b409   Thumb Code     0  entry7b.o(.ARM.Collect$$$$00000008)
    _main_cpp_init                           0x0001b409   Thumb Code     0  entry8b.o(.ARM.Collect$$$$0000000A)
    _main_init                               0x0001b409   Thumb Code     0  entry9a.o(.ARM.Collect$$$$0000000B)
    __rt_final_cpp                           0x0001b411   Thumb Code     0  entry10a.o(.ARM.Collect$$$$0000000D)
    __rt_final_exit                          0x0001b411   Thumb Code     0  entry11a.o(.ARM.Collect$$$$0000000F)
    __asm___11_nrf_delay_c_532987f3__nrf_delay_us 0x0001b415   Thumb Code   118  nrf_delay.o(.emb_text)
    __asm___11_app_timer_c_cd27f9c3__nrf_delay_us 0x0001b48d   Thumb Code   118  app_timer.o(.emb_text)
    Reset_Handler                            0x0001b505   Thumb Code     8  arm_startup_nrf52.o(.text)
    NMI_Handler                              0x0001b50d   Thumb Code     2  arm_startup_nrf52.o(.text)
    HardFault_Handler                        0x0001b50f   Thumb Code     2  arm_startup_nrf52.o(.text)
    MemoryManagement_Handler                 0x0001b511   Thumb Code     2  arm_startup_nrf52.o(.text)
    BusFault_Handler                         0x0001b513   Thumb Code     2  arm_startup_nrf52.o(.text)
    UsageFault_Handler                       0x0001b515   Thumb Code     2  arm_startup_nrf52.o(.text)
    SVC_Handler                              0x0001b517   Thumb Code     2  arm_startup_nrf52.o(.text)
    PendSV_Handler                           0x0001b519   Thumb Code     2  arm_startup_nrf52.o(.text)
    SysTick_Handler                          0x0001b51b   Thumb Code     2  arm_startup_nrf52.o(.text)
    CCM_AAR_IRQHandler                       0x0001b51d   Thumb Code     0  arm_startup_nrf52.o(.text)
    COMP_LPCOMP_IRQHandler                   0x0001b51d   Thumb Code     0  arm_startup_nrf52.o(.text)
    ECB_IRQHandler                           0x0001b51d   Thumb Code     0  arm_startup_nrf52.o(.text)
    I2S_IRQHandler                           0x0001b51d   Thumb Code     0  arm_startup_nrf52.o(.text)
    MWU_IRQHandler                           0x0001b51d   Thumb Code     0  arm_startup_nrf52.o(.text)
    NFCT_IRQHandler                          0x0001b51d   Thumb Code     0  arm_startup_nrf52.o(.text)
    PDM_IRQHandler                           0x0001b51d   Thumb Code     0  arm_startup_nrf52.o(.text)
    POWER_CLOCK_IRQHandler                   0x0001b51d   Thumb Code     0  arm_startup_nrf52.o(.text)
    PWM0_IRQHandler                          0x0001b51d   Thumb Code     0  arm_startup_nrf52.o(.text)
    PWM1_IRQHandler                          0x0001b51d   Thumb Code     0  arm_startup_nrf52.o(.text)
    PWM2_IRQHandler                          0x0001b51d   Thumb Code     0  arm_startup_nrf52.o(.text)
    QDEC_IRQHandler                          0x0001b51d   Thumb Code     0  arm_startup_nrf52.o(.text)
    RADIO_IRQHandler                         0x0001b51d   Thumb Code     0  arm_startup_nrf52.o(.text)
    RNG_IRQHandler                           0x0001b51d   Thumb Code     0  arm_startup_nrf52.o(.text)
    RTC0_IRQHandler                          0x0001b51d   Thumb Code     0  arm_startup_nrf52.o(.text)
    RTC2_IRQHandler                          0x0001b51d   Thumb Code     0  arm_startup_nrf52.o(.text)
    SAADC_IRQHandler                         0x0001b51d   Thumb Code     0  arm_startup_nrf52.o(.text)
    SPIM0_SPIS0_TWIM0_TWIS0_SPI0_TWI0_IRQHandler 0x0001b51d   Thumb Code     0  arm_startup_nrf52.o(.text)
    SPIM1_SPIS1_TWIM1_TWIS1_SPI1_TWI1_IRQHandler 0x0001b51d   Thumb Code     0  arm_startup_nrf52.o(.text)
    SPIM2_SPIS2_SPI2_IRQHandler              0x0001b51d   Thumb Code     0  arm_startup_nrf52.o(.text)
    SWI1_EGU1_IRQHandler                     0x0001b51d   Thumb Code     0  arm_startup_nrf52.o(.text)
    SWI3_EGU3_IRQHandler                     0x0001b51d   Thumb Code     0  arm_startup_nrf52.o(.text)
    SWI4_EGU4_IRQHandler                     0x0001b51d   Thumb Code     0  arm_startup_nrf52.o(.text)
    SWI5_EGU5_IRQHandler                     0x0001b51d   Thumb Code     0  arm_startup_nrf52.o(.text)
    TEMP_IRQHandler                          0x0001b51d   Thumb Code     0  arm_startup_nrf52.o(.text)
    TIMER0_IRQHandler                        0x0001b51d   Thumb Code     0  arm_startup_nrf52.o(.text)
    TIMER1_IRQHandler                        0x0001b51d   Thumb Code     0  arm_startup_nrf52.o(.text)
    TIMER2_IRQHandler                        0x0001b51d   Thumb Code     0  arm_startup_nrf52.o(.text)
    TIMER3_IRQHandler                        0x0001b51d   Thumb Code     0  arm_startup_nrf52.o(.text)
    TIMER4_IRQHandler                        0x0001b51d   Thumb Code     0  arm_startup_nrf52.o(.text)
    WDT_IRQHandler                           0x0001b51d   Thumb Code     0  arm_startup_nrf52.o(.text)
    __aeabi_memcpy                           0x0001b529   Thumb Code    36  memcpya.o(.text)
    __aeabi_memcpy4                          0x0001b529   Thumb Code     0  memcpya.o(.text)
    __aeabi_memcpy8                          0x0001b529   Thumb Code     0  memcpya.o(.text)
    __aeabi_memset                           0x0001b54d   Thumb Code    14  memseta.o(.text)
    __aeabi_memset4                          0x0001b54d   Thumb Code     0  memseta.o(.text)
    __aeabi_memset8                          0x0001b54d   Thumb Code     0  memseta.o(.text)
    __aeabi_memclr                           0x0001b55b   Thumb Code     4  memseta.o(.text)
    __aeabi_memclr4                          0x0001b55b   Thumb Code     0  memseta.o(.text)
    __aeabi_memclr8                          0x0001b55b   Thumb Code     0  memseta.o(.text)
    _memset$wrapper                          0x0001b55f   Thumb Code    18  memseta.o(.text)
    memcmp                                   0x0001b571   Thumb Code    26  memcmp.o(.text)
    __aeabi_uidiv                            0x0001b58b   Thumb Code     0  uidiv.o(.text)
    __aeabi_uidivmod                         0x0001b58b   Thumb Code    44  uidiv.o(.text)
    __aeabi_uldivmod                         0x0001b5b7   Thumb Code    98  uldiv.o(.text)
    __I$use$fp                               0x0001b619   Thumb Code     0  iusefp.o(.text)
    __aeabi_dadd                             0x0001b619   Thumb Code   322  dadd.o(.text)
    __aeabi_dsub                             0x0001b75b   Thumb Code     6  dadd.o(.text)
    __aeabi_drsub                            0x0001b761   Thumb Code     6  dadd.o(.text)
    __aeabi_dmul                             0x0001b767   Thumb Code   228  dmul.o(.text)
    __aeabi_ddiv                             0x0001b84b   Thumb Code   222  ddiv.o(.text)
    __aeabi_d2ulz                            0x0001b929   Thumb Code    48  dfixul.o(.text)
    __aeabi_cdrcmple                         0x0001b959   Thumb Code    48  cdrcmple.o(.text)
    __scatterload                            0x0001b989   Thumb Code    28  init.o(.text)
    __scatterload_rt2                        0x0001b989   Thumb Code     0  init.o(.text)
    __aeabi_llsl                             0x0001b9ad   Thumb Code    30  llshl.o(.text)
    _ll_shift_l                              0x0001b9ad   Thumb Code     0  llshl.o(.text)
    __aeabi_llsr                             0x0001b9cb   Thumb Code    32  llushr.o(.text)
    _ll_ushift_r                             0x0001b9cb   Thumb Code     0  llushr.o(.text)
    __aeabi_lasr                             0x0001b9eb   Thumb Code    36  llsshr.o(.text)
    _ll_sshift_r                             0x0001b9eb   Thumb Code     0  llsshr.o(.text)
    _double_round                            0x0001ba0f   Thumb Code    30  depilogue.o(.text)
    _double_epilogue                         0x0001ba2d   Thumb Code   156  depilogue.o(.text)
    __decompress                             0x0001bac9   Thumb Code     0  __dczerorl.o(.text)
    __decompress0                            0x0001bac9   Thumb Code    58  __dczerorl.o(.text)
    GPIOTE_IRQHandler                        0x0001bb05   Thumb Code   248  nrf_drv_gpiote.o(i.GPIOTE_IRQHandler)
    RTC1_IRQHandler                          0x0001bc6d   Thumb Code    32  app_timer.o(i.RTC1_IRQHandler)
    SWI0_EGU0_IRQHandler                     0x0001bc91   Thumb Code     4  app_timer.o(i.SWI0_EGU0_IRQHandler)
    SWI2_EGU2_IRQHandler                     0x0001bc95   Thumb Code    32  softdevice_handler.o(i.SWI2_EGU2_IRQHandler)
    SystemInit                               0x0001bcb9   Thumb Code   562  system_nrf52.o(i.SystemInit)
    UARTE0_UART0_IRQHandler                  0x0001bf15   Thumb Code    14  nrf_drv_uart.o(i.UARTE0_UART0_IRQHandler)
    __0printf                                0x0001bf29   Thumb Code    22  printfa.o(i.__0printf)
    __1printf                                0x0001bf29   Thumb Code     0  printfa.o(i.__0printf)
    __2printf                                0x0001bf29   Thumb Code     0  printfa.o(i.__0printf)
    __c89printf                              0x0001bf29   Thumb Code     0  printfa.o(i.__0printf)
    printf                                   0x0001bf29   Thumb Code     0  printfa.o(i.__0printf)
    __scatterload_copy                       0x0001bf49   Thumb Code    14  handlers.o(i.__scatterload_copy)
    __scatterload_null                       0x0001bf57   Thumb Code     2  handlers.o(i.__scatterload_null)
    __scatterload_zeroinit                   0x0001bf59   Thumb Code    14  handlers.o(i.__scatterload_zeroinit)
    adv_data_encode                          0x0001c7fb   Thumb Code   514  ble_advdata.o(i.adv_data_encode)
    app_button_enable                        0x0001ca55   Thumb Code    32  app_button.o(i.app_button_enable)
    app_button_init                          0x0001ca79   Thumb Code    96  app_button.o(i.app_button_init)
    app_error_fault_handler                  0x0001cae9   Thumb Code    26  app_error.o(i.app_error_fault_handler)
    app_error_handler_bare                   0x0001cb0d   Thumb Code    20  app_error.o(i.app_error_handler_bare)
    app_fifo_get                             0x0001cb2d   Thumb Code    22  app_fifo.o(i.app_fifo_get)
    app_fifo_init                            0x0001cb43   Thumb Code    32  app_fifo.o(i.app_fifo_init)
    app_fifo_put                             0x0001cb63   Thumb Code    26  app_fifo.o(i.app_fifo_put)
    app_timer_create                         0x0001cbcd   Thumb Code    32  app_timer.o(i.app_timer_create)
    app_timer_init                           0x0001cbf1   Thumb Code   134  app_timer.o(i.app_timer_init)
    app_timer_start                          0x0001cc81   Thumb Code   118  app_timer.o(i.app_timer_start)
    app_timer_stop                           0x0001cd01   Thumb Code    76  app_timer.o(i.app_timer_stop)
    app_uart_init                            0x0001cd51   Thumb Code   146  app_uart_fifo.o(i.app_uart_init)
    app_uart_put                             0x0001cdf5   Thumb Code    34  app_uart_fifo.o(i.app_uart_put)
    ble_advdata_set                          0x0001ce99   Thumb Code   104  ble_advdata.o(i.ble_advdata_set)
    ble_advertising_init                     0x0001cf01   Thumb Code   274  ble_advertising.o(i.ble_advertising_init)
    ble_advertising_on_ble_evt               0x0001d01d   Thumb Code   122  ble_advertising.o(i.ble_advertising_on_ble_evt)
    ble_advertising_on_sys_evt               0x0001d09d   Thumb Code    46  ble_advertising.o(i.ble_advertising_on_sys_evt)
    ble_advertising_restart_without_whitelist 0x0001d0e1   Thumb Code    48  ble_advertising.o(i.ble_advertising_restart_without_whitelist)
    ble_advertising_start                    0x0001d119   Thumb Code   462  ble_advertising.o(i.ble_advertising_start)
    ble_conn_params_init                     0x0001d2f1   Thumb Code    72  ble_conn_params.o(i.ble_conn_params_init)
    ble_conn_params_on_ble_evt               0x0001d349   Thumb Code   126  ble_conn_params.o(i.ble_conn_params_on_ble_evt)
    ble_pbs_cdrc_update                      0x0001d4b9   Thumb Code   118  ble_pbs.o(i.ble_pbs_cdrc_update)
    ble_pbs_drhc_update                      0x0001d56d   Thumb Code   134  ble_pbs.o(i.ble_pbs_drhc_update)
    ble_pbs_esc_update                       0x0001d641   Thumb Code   118  ble_pbs.o(i.ble_pbs_esc_update)
    ble_pbs_init                             0x0001d6f5   Thumb Code   720  ble_pbs.o(i.ble_pbs_init)
    ble_pbs_on_ble_evt                       0x0001da3d   Thumb Code    60  ble_pbs.o(i.ble_pbs_on_ble_evt)
    bond_data_load                           0x0001db19   Thumb Code    60  device_manager_peripheral.o(i.bond_data_load)
    bsp_btn_ble_init                         0x0001dbe9   Thumb Code    72  bsp_btn_ble.o(i.bsp_btn_ble_init)
    bsp_btn_ble_on_ble_evt                   0x0001dc35   Thumb Code   106  bsp_btn_ble.o(i.bsp_btn_ble_on_ble_evt)
    bsp_btn_ble_sleep_mode_prepare           0x0001dca5   Thumb Code    18  bsp_btn_ble.o(i.bsp_btn_ble_sleep_mode_prepare)
    bsp_button_is_pressed                    0x0001dd61   Thumb Code    34  bsp.o(i.bsp_button_is_pressed)
    bsp_event_handler                        0x0001dd8d   Thumb Code    72  main.o(i.bsp_event_handler)
    bsp_event_to_button_action_assign        0x0001de21   Thumb Code    64  bsp.o(i.bsp_event_to_button_action_assign)
    bsp_indication_set                       0x0001de65   Thumb Code    20  bsp.o(i.bsp_indication_set)
    bsp_init                                 0x0001de7d   Thumb Code   140  bsp.o(i.bsp_init)
    bsp_wakeup_buttons_set                   0x0001e145   Thumb Code    54  bsp.o(i.bsp_wakeup_buttons_set)
    dm_ble_evt_handler                       0x0001ea91   Thumb Code  1112  device_manager_peripheral.o(i.dm_ble_evt_handler)
    dm_handle_initialize                     0x0001eee9   Thumb Code    22  device_manager_peripheral.o(i.dm_handle_initialize)
    dm_init                                  0x0001ef01   Thumb Code   182  device_manager_peripheral.o(i.dm_init)
    dm_register                              0x0001f155   Thumb Code    94  device_manager_peripheral.o(i.dm_register)
    flash_data_set_init                      0x0001f279   Thumb Code    28  int_flash.o(i.flash_data_set_init)
    flash_data_set_read                      0x0001f29d   Thumb Code   206  int_flash.o(i.flash_data_set_read)
    flash_data_set_write                     0x0001f375   Thumb Code   274  int_flash.o(i.flash_data_set_write)
    flash_page_erase                         0x0001f521   Thumb Code    38  int_flash.o(i.flash_page_erase)
    flash_word_write                         0x0001f559   Thumb Code    36  int_flash.o(i.flash_word_write)
    fputc                                    0x0001f58b   Thumb Code    14  retarget.o(i.fputc)
    free                                     0x0001f599   Thumb Code    76  malloc.o(i.free)
    intern_softdevice_events_execute         0x0001f8ed   Thumb Code   106  softdevice_handler.o(i.intern_softdevice_events_execute)
    main                                     0x0001fbb9   Thumb Code   352  main.o(i.main)
    malloc                                   0x0001fd65   Thumb Code    92  malloc.o(i.malloc)
    nrf_delay_ms                             0x0001fedd   Thumb Code    26  nrf_delay.o(i.nrf_delay_ms)
    nrf_drv_common_irq_enable                0x0001fef7   Thumb Code    56  nrf_drv_common.o(i.nrf_drv_common_irq_enable)
    nrf_drv_gpiote_in_event_enable           0x0001ff31   Thumb Code   150  nrf_drv_gpiote.o(i.nrf_drv_gpiote_in_event_enable)
    nrf_drv_gpiote_in_init                   0x0001ffd5   Thumb Code   170  nrf_drv_gpiote.o(i.nrf_drv_gpiote_in_init)
    nrf_drv_gpiote_in_is_set                 0x0002008d   Thumb Code    16  nrf_drv_gpiote.o(i.nrf_drv_gpiote_in_is_set)
    nrf_drv_gpiote_init                      0x000200a1   Thumb Code    76  nrf_drv_gpiote.o(i.nrf_drv_gpiote_init)
    nrf_drv_gpiote_is_init                   0x000200f5   Thumb Code    14  nrf_drv_gpiote.o(i.nrf_drv_gpiote_is_init)
    nrf_drv_uart_init                        0x00020109   Thumb Code   126  nrf_drv_uart.o(i.nrf_drv_uart_init)
    nrf_drv_uart_rx                          0x0002019d   Thumb Code   132  nrf_drv_uart.o(i.nrf_drv_uart_rx)
    nrf_drv_uart_rx_enable                   0x00020229   Thumb Code    26  nrf_drv_uart.o(i.nrf_drv_uart_rx_enable)
    nrf_drv_uart_tx                          0x00020375   Thumb Code   128  nrf_drv_uart.o(i.nrf_drv_uart_tx)
    pstorage_access_status_get               0x000207cd   Thumb Code    28  pstorage.o(i.pstorage_access_status_get)
    pstorage_block_identifier_get            0x000207f1   Thumb Code    76  pstorage.o(i.pstorage_block_identifier_get)
    pstorage_clear                           0x00020845   Thumb Code   148  pstorage.o(i.pstorage_clear)
    pstorage_init                            0x00020909   Thumb Code    84  pstorage.o(i.pstorage_init)
    pstorage_load                            0x00020969   Thumb Code   158  pstorage.o(i.pstorage_load)
    pstorage_register                        0x00020a11   Thumb Code   172  pstorage.o(i.pstorage_register)
    pstorage_store                           0x00020ac5   Thumb Code   128  pstorage.o(i.pstorage_store)
    pstorage_sys_event_handler               0x00020b4d   Thumb Code    66  pstorage.o(i.pstorage_sys_event_handler)
    pstorage_update                          0x00020b95   Thumb Code   128  pstorage.o(i.pstorage_update)
    sd_check_ram_start                       0x00020cc1   Thumb Code    10  softdevice_handler.o(i.sd_check_ram_start)
    sensorsim_init                           0x00020cd1   Thumb Code    22  sensorsim.o(i.sensorsim_init)
    softdevice_ble_evt_handler_set           0x00020ea9   Thumb Code    14  softdevice_handler.o(i.softdevice_ble_evt_handler_set)
    softdevice_enable                        0x00020ebd   Thumb Code    14  softdevice_handler.o(i.softdevice_enable)
    softdevice_enable_get_default_config     0x00020ed1   Thumb Code    38  softdevice_handler.o(i.softdevice_enable_get_default_config)
    softdevice_fault_handler                 0x00020ef7   Thumb Code     4  softdevice_handler.o(i.softdevice_fault_handler)
    softdevice_handler_init                  0x00020efd   Thumb Code    38  softdevice_handler.o(i.softdevice_handler_init)
    softdevice_sys_evt_handler_set           0x00020f2d   Thumb Code    14  softdevice_handler.o(i.softdevice_sys_evt_handler_set)
    m_context_init_len                       0x000217bc   Data           4  device_manager_peripheral.o(.constdata)
    m_service_context_store                  0x000217c0   Data          16  device_manager_peripheral.o(.constdata)
    m_service_context_load                   0x000217d0   Data          16  device_manager_peripheral.o(.constdata)
    m_service_context_apply                  0x000217e0   Data          16  device_manager_peripheral.o(.constdata)
    Region$$Table$$Base                      0x00021860   Number         0  anon$$obj.o(Region$$Table)
    Region$$Table$$Limit                     0x00021880   Number         0  anon$$obj.o(Region$$Table)
    Image$$RW_IRAM1$$Base                    0x20001f00   Number         0  anon$$obj.o ABSOLUTE
    buffer_event_count                       0x20001f14   Data           1  int_flash.o(.data)
    w_buffer_event_ptr                       0x20001f15   Data           1  int_flash.o(.data)
    r_buffer_event_ptr                       0x20001f16   Data           1  int_flash.o(.data)
    is_event_detected                        0x20001f17   Data           1  int_flash.o(.data)
    count_down_7s_50Hz                       0x20001f18   Data           2  int_flash.o(.data)
    count_down_10s_50Hz                      0x20001f1a   Data           2  int_flash.o(.data)
    to_addr_3s_50Hz                          0x20001f1c   Data           2  int_flash.o(.data)
    start_addr                               0x20001f20   Data           4  int_flash.o(.data)
    w_addr_ptr                               0x20001f24   Data           4  int_flash.o(.data)
    r_addr_ptr                               0x20001f28   Data           4  int_flash.o(.data)
    page_size                                0x20001f2c   Data           4  int_flash.o(.data)
    four_page_size                           0x20001f30   Data           4  int_flash.o(.data)
    w_flash_dummy1                           0x20001f34   Data           4  int_flash.o(.data)
    flag                                     0x20001f38   Data           4  int_flash.o(.data)
    event_type                               0x20001f3c   Data           8  int_flash.o(.data)
    esc_notify_flag                          0x20001f44   Data           1  ble_pbs.o(.data)
    start_dw_flag                            0x20001f45   Data           1  ble_pbs.o(.data)
    drhc_notify_flag                         0x20001f46   Data           1  ble_pbs.o(.data)
    cdrc_notify_flag                         0x20001f47   Data           1  ble_pbs.o(.data)
    rdrc_notify_flag                         0x20001f48   Data           1  ble_pbs.o(.data)
    __stdout                                 0x20001ff8   Data           4  retarget.o(.data)
    SystemCoreClock                          0x20002030   Data           4  system_nrf52.o(.data)
    __microlib_freelist                      0x20002034   Data           4  mvars.o(.data)
    __microlib_freelist_initialised          0x20002038   Data           4  mvars.o(.data)
    w_r_addr                                 0x200023e8   Data          32  int_flash.o(.bss)
    event_addr                               0x20002408   Data          32  int_flash.o(.bss)
    event_utc                                0x20002428   Data          32  int_flash.o(.bss)
    __heap_base                              0x20002a70   Data           0  arm_startup_nrf52.o(HEAP)
    __heap_limit                             0x20004a70   Data           0  arm_startup_nrf52.o(HEAP)
    __initial_sp                             0x20006a70   Data           0  arm_startup_nrf52.o(STACK)



==============================================================================

Memory Map of the image

  Image Entry point : 0x0001b401

  Load Region LR_IROM1 (Base: 0x0001b000, Size: 0x000069bc, Max: 0x00065000, ABSOLUTE, COMPRESSED[0x000068a4])

    Execution Region ER_IROM1 (Base: 0x0001b000, Size: 0x00006880, Max: 0x00065000, ABSOLUTE)

    Base Addr    Size         Type   Attr      Idx    E Section Name        Object

    0x0001b000   0x00000400   Data   RO         2740    RESET               arm_startup_nrf52.o
    0x0001b400   0x00000000   Code   RO         2781  * .ARM.Collect$$$$00000000  mc_w.l(entry.o)
    0x0001b400   0x00000004   Code   RO         3085    .ARM.Collect$$$$00000001  mc_w.l(entry2.o)
    0x0001b404   0x00000004   Code   RO         3088    .ARM.Collect$$$$00000004  mc_w.l(entry5.o)
    0x0001b408   0x00000000   Code   RO         3090    .ARM.Collect$$$$00000008  mc_w.l(entry7b.o)
    0x0001b408   0x00000000   Code   RO         3092    .ARM.Collect$$$$0000000A  mc_w.l(entry8b.o)
    0x0001b408   0x00000008   Code   RO         3093    .ARM.Collect$$$$0000000B  mc_w.l(entry9a.o)
    0x0001b410   0x00000000   Code   RO         3095    .ARM.Collect$$$$0000000D  mc_w.l(entry10a.o)
    0x0001b410   0x00000000   Code   RO         3097    .ARM.Collect$$$$0000000F  mc_w.l(entry11a.o)
    0x0001b410   0x00000004   Code   RO         3086    .ARM.Collect$$$$00002712  mc_w.l(entry2.o)
    0x0001b414   0x00000076   Code   RO         1176    .emb_text           nrf_delay.o
    0x0001b48a   0x00000002   PAD
    0x0001b48c   0x00000076   Code   RO         2492    .emb_text           app_timer.o
    0x0001b502   0x00000002   PAD
    0x0001b504   0x00000024   Code   RO         2741    .text               arm_startup_nrf52.o
    0x0001b528   0x00000024   Code   RO         2784    .text               mc_w.l(memcpya.o)
    0x0001b54c   0x00000024   Code   RO         2786    .text               mc_w.l(memseta.o)
    0x0001b570   0x0000001a   Code   RO         2790    .text               mc_w.l(memcmp.o)
    0x0001b58a   0x0000002c   Code   RO         3099    .text               mc_w.l(uidiv.o)
    0x0001b5b6   0x00000062   Code   RO         3101    .text               mc_w.l(uldiv.o)
    0x0001b618   0x00000000   Code   RO         3105    .text               mc_w.l(iusefp.o)
    0x0001b618   0x0000014e   Code   RO         3106    .text               mf_w.l(dadd.o)
    0x0001b766   0x000000e4   Code   RO         3108    .text               mf_w.l(dmul.o)
    0x0001b84a   0x000000de   Code   RO         3110    .text               mf_w.l(ddiv.o)
    0x0001b928   0x00000030   Code   RO         3112    .text               mf_w.l(dfixul.o)
    0x0001b958   0x00000030   Code   RO         3114    .text               mf_w.l(cdrcmple.o)
    0x0001b988   0x00000024   Code   RO         3116    .text               mc_w.l(init.o)
    0x0001b9ac   0x0000001e   Code   RO         3118    .text               mc_w.l(llshl.o)
    0x0001b9ca   0x00000020   Code   RO         3120    .text               mc_w.l(llushr.o)
    0x0001b9ea   0x00000024   Code   RO         3122    .text               mc_w.l(llsshr.o)
    0x0001ba0e   0x000000ba   Code   RO         3124    .text               mf_w.l(depilogue.o)
    0x0001bac8   0x0000003a   Code   RO         3134    .text               mc_w.l(__dczerorl.o)
    0x0001bb02   0x00000002   PAD
    0x0001bb04   0x00000104   Code   RO         1204    i.GPIOTE_IRQHandler  nrf_drv_gpiote.o
    0x0001bc08   0x00000016   Code   RO         2493    i.NVIC_ClearPendingIRQ  app_timer.o
    0x0001bc1e   0x00000016   Code   RO         2494    i.NVIC_EnableIRQ    app_timer.o
    0x0001bc34   0x00000016   Code   RO         2495    i.NVIC_SetPendingIRQ  app_timer.o
    0x0001bc4a   0x00000020   Code   RO         2496    i.NVIC_SetPriority  app_timer.o
    0x0001bc6a   0x00000002   PAD
    0x0001bc6c   0x00000024   Code   RO         2497    i.RTC1_IRQHandler   app_timer.o
    0x0001bc90   0x00000004   Code   RO         2498    i.SWI0_EGU0_IRQHandler  app_timer.o
    0x0001bc94   0x00000024   Code   RO         2650    i.SWI2_EGU2_IRQHandler  softdevice_handler.o
    0x0001bcb8   0x0000025c   Code   RO         2749    i.SystemInit        system_nrf52.o
    0x0001bf14   0x00000014   Code   RO         1422    i.UARTE0_UART0_IRQHandler  nrf_drv_uart.o
    0x0001bf28   0x00000020   Code   RO         3029    i.__0printf         mc_w.l(printfa.o)
    0x0001bf48   0x0000000e   Code   RO         3128    i.__scatterload_copy  mc_w.l(handlers.o)
    0x0001bf56   0x00000002   Code   RO         3129    i.__scatterload_null  mc_w.l(handlers.o)
    0x0001bf58   0x0000000e   Code   RO         3130    i.__scatterload_zeroinit  mc_w.l(handlers.o)
    0x0001bf66   0x00000002   PAD
    0x0001bf68   0x00000164   Code   RO         3036    i._fp_digits        mc_w.l(printfa.o)
    0x0001c0cc   0x000006dc   Code   RO         3037    i._printf_core      mc_w.l(printfa.o)
    0x0001c7a8   0x00000024   Code   RO         3038    i._printf_post_padding  mc_w.l(printfa.o)
    0x0001c7cc   0x0000002e   Code   RO         3039    i._printf_pre_padding  mc_w.l(printfa.o)
    0x0001c7fa   0x00000202   Code   RO          707    i.adv_data_encode   ble_advdata.o
    0x0001c9fc   0x00000036   Code   RO          586    i.advertising_buttons_configure  bsp_btn_ble.o
    0x0001ca32   0x00000002   PAD
    0x0001ca34   0x00000020   Code   RO          479    i.alert_timer_handler  bsp.o
    0x0001ca54   0x00000024   Code   RO         2120    i.app_button_enable  app_button.o
    0x0001ca78   0x00000070   Code   RO         2121    i.app_button_init   app_button.o
    0x0001cae8   0x00000024   Code   RO         2325    i.app_error_fault_handler  app_error.o
    0x0001cb0c   0x00000014   Code   RO         2327    i.app_error_handler_bare  app_error.o
    0x0001cb20   0x0000000c   Code   RO          908    i.app_evt_notify    device_manager_peripheral.o
    0x0001cb2c   0x00000016   Code   RO         2182    i.app_fifo_get      app_fifo.o
    0x0001cb42   0x00000020   Code   RO         2183    i.app_fifo_init     app_fifo.o
    0x0001cb62   0x0000001a   Code   RO         2184    i.app_fifo_put      app_fifo.o
    0x0001cb7c   0x0000002c   Code   RO         1645    i.app_notify        pstorage.o
    0x0001cba8   0x00000024   Code   RO         1646    i.app_notify_error_state_transit  pstorage.o
    0x0001cbcc   0x00000024   Code   RO         2501    i.app_timer_create  app_timer.o
    0x0001cbf0   0x00000090   Code   RO         2502    i.app_timer_init    app_timer.o
    0x0001cc80   0x00000080   Code   RO         2503    i.app_timer_start   app_timer.o
    0x0001cd00   0x00000050   Code   RO         2504    i.app_timer_stop    app_timer.o
    0x0001cd50   0x000000a4   Code   RO         1897    i.app_uart_init     app_uart_fifo.o
    0x0001cdf4   0x0000002c   Code   RO         1898    i.app_uart_put      app_uart_fifo.o
    0x0001ce20   0x00000078   Code   RO         1423    i.apply_config      nrf_drv_uart.o
    0x0001ce98   0x00000068   Code   RO          708    i.ble_advdata_set   ble_advdata.o
    0x0001cf00   0x0000011c   Code   RO          629    i.ble_advertising_init  ble_advertising.o
    0x0001d01c   0x00000080   Code   RO          630    i.ble_advertising_on_ble_evt  ble_advertising.o
    0x0001d09c   0x00000034   Code   RO          631    i.ble_advertising_on_sys_evt  ble_advertising.o
    0x0001d0d0   0x00000010   Code   RO          633    i.ble_advertising_peer_address_clear  ble_advertising.o
    0x0001d0e0   0x00000038   Code   RO          634    i.ble_advertising_restart_without_whitelist  ble_advertising.o
    0x0001d118   0x000001d8   Code   RO          635    i.ble_advertising_start  ble_advertising.o
    0x0001d2f0   0x00000058   Code   RO          790    i.ble_conn_params_init  ble_conn_params.o
    0x0001d348   0x0000008c   Code   RO          791    i.ble_conn_params_on_ble_evt  ble_conn_params.o
    0x0001d3d4   0x0000005e   Code   RO          709    i.ble_device_addr_encode  ble_advdata.o
    0x0001d432   0x00000002   PAD
    0x0001d434   0x00000084   Code   RO            6    i.ble_evt_dispatch  main.o
    0x0001d4b8   0x000000b4   Code   RO          379    i.ble_pbs_cdrc_update  ble_pbs.o
    0x0001d56c   0x000000d4   Code   RO          380    i.ble_pbs_drhc_update  ble_pbs.o
    0x0001d640   0x000000b4   Code   RO          381    i.ble_pbs_esc_update  ble_pbs.o
    0x0001d6f4   0x00000348   Code   RO          382    i.ble_pbs_init      ble_pbs.o
    0x0001da3c   0x00000070   Code   RO          383    i.ble_pbs_on_ble_evt  ble_pbs.o
    0x0001daac   0x0000006c   Code   RO            7    i.ble_stack_init    main.o
    0x0001db18   0x00000048   Code   RO          909    i.bond_data_load    device_manager_peripheral.o
    0x0001db60   0x00000086   Code   RO          384    i.bsc_data_encode   ble_pbs.o
    0x0001dbe6   0x00000002   PAD
    0x0001dbe8   0x0000004c   Code   RO          587    i.bsp_btn_ble_init  bsp_btn_ble.o
    0x0001dc34   0x00000070   Code   RO          588    i.bsp_btn_ble_on_ble_evt  bsp_btn_ble.o
    0x0001dca4   0x00000012   Code   RO          589    i.bsp_btn_ble_sleep_mode_prepare  bsp_btn_ble.o
    0x0001dcb6   0x00000002   PAD
    0x0001dcb8   0x000000a8   Code   RO          480    i.bsp_button_event_handler  bsp.o
    0x0001dd60   0x0000002c   Code   RO          481    i.bsp_button_is_pressed  bsp.o
    0x0001dd8c   0x00000094   Code   RO            8    i.bsp_event_handler  main.o
    0x0001de20   0x00000044   Code   RO          485    i.bsp_event_to_button_action_assign  bsp.o
    0x0001de64   0x00000018   Code   RO          486    i.bsp_indication_set  bsp.o
    0x0001de7c   0x000000a4   Code   RO          488    i.bsp_init          bsp.o
    0x0001df20   0x00000224   Code   RO          489    i.bsp_led_indication  bsp.o
    0x0001e144   0x0000003c   Code   RO          490    i.bsp_wakeup_buttons_set  bsp.o
    0x0001e180   0x00000008   Code   RO          491    i.button_timer_handler  bsp.o
    0x0001e188   0x0000001c   Code   RO         1205    i.channel_free      nrf_drv_gpiote.o
    0x0001e1a4   0x00000048   Code   RO         1206    i.channel_port_alloc  nrf_drv_gpiote.o
    0x0001e1ec   0x00000010   Code   RO         1207    i.channel_port_get  nrf_drv_gpiote.o
    0x0001e1fc   0x000000fc   Code   RO         1647    i.clear_operation_execute  pstorage.o
    0x0001e2f8   0x00000020   Code   RO         1648    i.clear_post_processing_run  pstorage.o
    0x0001e318   0x00000034   Code   RO         1649    i.cmd_process       pstorage.o
    0x0001e34c   0x00000020   Code   RO         1650    i.cmd_queue_element_init  pstorage.o
    0x0001e36c   0x00000054   Code   RO         1651    i.cmd_queue_enqueue  pstorage.o
    0x0001e3c0   0x00000040   Code   RO         1652    i.command_end_procedure_run  pstorage.o
    0x0001e400   0x000000ac   Code   RO         2506    i.compare_reg_update  app_timer.o
    0x0001e4ac   0x00000088   Code   RO          710    i.conn_int_encode   ble_advdata.o
    0x0001e534   0x00000004   Code   RO            9    i.conn_params_error_handler  main.o
    0x0001e538   0x0000005c   Code   RO          793    i.conn_params_negotiation  ble_conn_params.o
    0x0001e594   0x0000002c   Code   RO          910    i.connection_instance_find  device_manager_peripheral.o
    0x0001e5c0   0x00000028   Code   RO          911    i.connection_instance_init  device_manager_peripheral.o
    0x0001e5e8   0x00000054   Code   RO         1653    i.data_page_erase_state_run  pstorage.o
    0x0001e63c   0x00000020   Code   RO         1654    i.data_to_swap_write_state_run  pstorage.o
    0x0001e65c   0x00000060   Code   RO         2123    i.detection_delay_timeout_handler  app_button.o
    0x0001e6bc   0x000000c0   Code   RO          912    i.device_context_store  device_manager_peripheral.o
    0x0001e77c   0x00000048   Code   RO          913    i.device_instance_find  device_manager_peripheral.o
    0x0001e7c4   0x0000002c   Code   RO          914    i.device_instance_free  device_manager_peripheral.o
    0x0001e7f0   0x0000000e   Code   RO           10    i.device_manager_evt_handler  main.o
    0x0001e7fe   0x00000002   PAD
    0x0001e800   0x0000006c   Code   RO           11    i.device_manager_init  main.o
    0x0001e86c   0x00000224   Code   RO           12    i.dhrc_timeout_handler  main.o
    0x0001ea90   0x00000458   Code   RO          919    i.dm_ble_evt_handler  device_manager_peripheral.o
    0x0001eee8   0x00000016   Code   RO          925    i.dm_handle_initialize  device_manager_peripheral.o
    0x0001eefe   0x00000002   PAD
    0x0001ef00   0x000000c8   Code   RO          926    i.dm_init           device_manager_peripheral.o
    0x0001efc8   0x0000018c   Code   RO          929    i.dm_pstorage_cb_handler  device_manager_peripheral.o
    0x0001f154   0x00000068   Code   RO          930    i.dm_register       device_manager_peripheral.o
    0x0001f1bc   0x00000036   Code   RO          385    i.drhc_data_encode  ble_pbs.o
    0x0001f1f2   0x00000002   PAD
    0x0001f1f4   0x00000040   Code   RO         2507    i.elapsed_ticks_acquire  app_timer.o
    0x0001f234   0x00000014   Code   RO         2187    i.fifo_get          app_fifo.o
    0x0001f248   0x00000012   Code   RO         2188    i.fifo_put          app_fifo.o
    0x0001f25a   0x00000002   PAD
    0x0001f25c   0x0000001c   Code   RO         1655    i.flash_api_err_code_process  pstorage.o
    0x0001f278   0x00000024   Code   RO          314    i.flash_data_set_init  int_flash.o
    0x0001f29c   0x000000d8   Code   RO          315    i.flash_data_set_read  int_flash.o
    0x0001f374   0x00000120   Code   RO          316    i.flash_data_set_write  int_flash.o
    0x0001f494   0x0000008c   Code   RO         1656    i.flash_operation_success_run  pstorage.o
    0x0001f520   0x00000030   Code   RO          317    i.flash_page_erase  int_flash.o
    0x0001f550   0x00000006   Code   RO         1657    i.flash_page_erase  pstorage.o
    0x0001f556   0x00000002   PAD
    0x0001f558   0x0000002c   Code   RO          319    i.flash_word_write  int_flash.o
    0x0001f584   0x00000006   Code   RO         1658    i.flash_write       pstorage.o
    0x0001f58a   0x0000000e   Code   RO         2288    i.fputc             retarget.o
    0x0001f598   0x00000050   Code   RO         3057    i.free              mc_w.l(malloc.o)
    0x0001f5e8   0x0000006c   Code   RO           13    i.gap_params_init   main.o
    0x0001f654   0x00000004   Code   RO          937    i.gattc_context_apply  device_manager_peripheral.o
    0x0001f658   0x00000004   Code   RO          938    i.gattc_context_load  device_manager_peripheral.o
    0x0001f65c   0x00000004   Code   RO          939    i.gattc_context_store  device_manager_peripheral.o
    0x0001f660   0x000000b0   Code   RO          940    i.gatts_context_apply  device_manager_peripheral.o
    0x0001f710   0x00000038   Code   RO          941    i.gatts_context_load  device_manager_peripheral.o
    0x0001f748   0x000000c8   Code   RO          942    i.gatts_context_store  device_manager_peripheral.o
    0x0001f810   0x00000004   Code   RO          943    i.gattsc_context_apply  device_manager_peripheral.o
    0x0001f814   0x00000004   Code   RO          944    i.gattsc_context_load  device_manager_peripheral.o
    0x0001f818   0x00000004   Code   RO          945    i.gattsc_context_store  device_manager_peripheral.o
    0x0001f81c   0x00000058   Code   RO         2124    i.gpiote_event_handler  app_button.o
    0x0001f874   0x00000078   Code   RO         1659    i.head_restore_state_run  pstorage.o
    0x0001f8ec   0x00000070   Code   RO         2651    i.intern_softdevice_events_execute  softdevice_handler.o
    0x0001f95c   0x0000001c   Code   RO          794    i.is_conn_params_ok  ble_conn_params.o
    0x0001f978   0x00000044   Code   RO         1660    i.is_page_erase_required  pstorage.o
    0x0001f9bc   0x0000000c   Code   RO         1661    i.is_word_aligned   pstorage.o
    0x0001f9c8   0x00000054   Code   RO          711    i.le_role_encode    ble_advdata.o
    0x0001fa1c   0x00000014   Code   RO          492    i.leds_timer_handler  bsp.o
    0x0001fa30   0x000000bc   Code   RO         2508    i.list_deletions_handler  app_timer.o
    0x0001faec   0x000000cc   Code   RO         2509    i.list_insertions_handler  app_timer.o
    0x0001fbb8   0x00000198   Code   RO           14    i.main              main.o
    0x0001fd50   0x00000014   Code   RO         1662    i.main_state_err_busy_process  pstorage.o
    0x0001fd64   0x0000006c   Code   RO         3058    i.malloc            mc_w.l(malloc.o)
    0x0001fdd0   0x00000064   Code   RO          712    i.manuf_specific_data_encode  ble_advdata.o
    0x0001fe34   0x0000009c   Code   RO          713    i.name_encode       ble_advdata.o
    0x0001fed0   0x00000004   Code   RO          946    i.no_service_context_apply  device_manager_peripheral.o
    0x0001fed4   0x00000004   Code   RO          947    i.no_service_context_load  device_manager_peripheral.o
    0x0001fed8   0x00000004   Code   RO          948    i.no_service_context_store  device_manager_peripheral.o
    0x0001fedc   0x0000001a   Code   RO         1177    i.nrf_delay_ms      nrf_delay.o
    0x0001fef6   0x00000038   Code   RO         1617    i.nrf_drv_common_irq_enable  nrf_drv_common.o
    0x0001ff2e   0x00000002   PAD
    0x0001ff30   0x000000a4   Code   RO         1210    i.nrf_drv_gpiote_in_event_enable  nrf_drv_gpiote.o
    0x0001ffd4   0x000000b8   Code   RO         1211    i.nrf_drv_gpiote_in_init  nrf_drv_gpiote.o
    0x0002008c   0x00000014   Code   RO         1212    i.nrf_drv_gpiote_in_is_set  nrf_drv_gpiote.o
    0x000200a0   0x00000054   Code   RO         1214    i.nrf_drv_gpiote_init  nrf_drv_gpiote.o
    0x000200f4   0x00000014   Code   RO         1215    i.nrf_drv_gpiote_is_init  nrf_drv_gpiote.o
    0x00020108   0x00000094   Code   RO         1425    i.nrf_drv_uart_init  nrf_drv_uart.o
    0x0002019c   0x0000008c   Code   RO         1426    i.nrf_drv_uart_rx   nrf_drv_uart.o
    0x00020228   0x00000020   Code   RO         1429    i.nrf_drv_uart_rx_enable  nrf_drv_uart.o
    0x00020248   0x0000009c   Code   RO         1430    i.nrf_drv_uart_rx_for_uart  nrf_drv_uart.o
    0x000202e4   0x00000090   Code   RO         1431    i.nrf_drv_uart_rx_for_uarte  nrf_drv_uart.o
    0x00020374   0x00000088   Code   RO         1432    i.nrf_drv_uart_tx   nrf_drv_uart.o
    0x000203fc   0x00000080   Code   RO         1434    i.nrf_drv_uart_tx_for_uart  nrf_drv_uart.o
    0x0002047c   0x00000022   Code   RO         1227    i.nrf_gpio_cfg      nrf_drv_gpiote.o
    0x0002049e   0x00000022   Code   RO         1436    i.nrf_gpio_cfg      nrf_drv_uart.o
    0x000204c0   0x00000012   Code   RO         1438    i.nrf_gpio_cfg_input  nrf_drv_uart.o
    0x000204d2   0x00000014   Code   RO         1439    i.nrf_gpio_cfg_output  nrf_drv_uart.o
    0x000204e6   0x0000001c   Code   RO         1229    i.nrf_gpio_cfg_sense_set  nrf_drv_gpiote.o
    0x00020502   0x00000002   PAD
    0x00020504   0x00000014   Code   RO         1230    i.nrf_gpiote_event_clear  nrf_drv_gpiote.o
    0x00020518   0x00000010   Code   RO         1231    i.nrf_gpiote_event_is_set  nrf_drv_gpiote.o
    0x00020528   0x0000000a   Code   RO         1440    i.nrf_uart_event_check  nrf_drv_uart.o
    0x00020532   0x0000000c   Code   RO         1441    i.nrf_uart_int_enable_check  nrf_drv_uart.o
    0x0002053e   0x0000000a   Code   RO         1442    i.nrf_uarte_event_check  nrf_drv_uart.o
    0x00020548   0x00000024   Code   RO           15    i.on_adv_evt        main.o
    0x0002056c   0x0000002c   Code   RO           16    i.on_conn_params_evt  main.o
    0x00020598   0x00000130   Code   RO          386    i.on_write          ble_pbs.o
    0x000206c8   0x00000080   Code   RO          387    i.pbs_char_add      ble_pbs.o
    0x00020748   0x00000014   Code   RO          637    i.peer_address_exists  ble_advertising.o
    0x0002075c   0x00000040   Code   RO          949    i.peer_instance_init  device_manager_peripheral.o
    0x0002079c   0x00000018   Code   RO         1232    i.pin_in_use_by_port  nrf_drv_gpiote.o
    0x000207b4   0x00000018   Code   RO         1233    i.pin_in_use_by_te  nrf_drv_gpiote.o
    0x000207cc   0x00000024   Code   RO         1663    i.pstorage_access_status_get  pstorage.o
    0x000207f0   0x00000054   Code   RO         1664    i.pstorage_block_identifier_get  pstorage.o
    0x00020844   0x0000009c   Code   RO         1665    i.pstorage_clear    pstorage.o
    0x000208e0   0x0000001e   Code   RO         1666    i.pstorage_flash_page_end  pstorage.o
    0x000208fe   0x0000000a   Code   RO         1667    i.pstorage_flash_page_size  pstorage.o
    0x00020908   0x00000060   Code   RO         1668    i.pstorage_init     pstorage.o
    0x00020968   0x000000a8   Code   RO         1669    i.pstorage_load     pstorage.o
    0x00020a10   0x000000b4   Code   RO         1670    i.pstorage_register  pstorage.o
    0x00020ac4   0x00000088   Code   RO         1671    i.pstorage_store    pstorage.o
    0x00020b4c   0x00000048   Code   RO         1672    i.pstorage_sys_event_handler  pstorage.o
    0x00020b94   0x00000088   Code   RO         1673    i.pstorage_update   pstorage.o
    0x00020c1c   0x0000003c   Code   RO         2510    i.rtc1_stop         app_timer.o
    0x00020c58   0x00000030   Code   RO         1444    i.rx_byte           nrf_drv_uart.o
    0x00020c88   0x00000020   Code   RO         1445    i.rx_done_event     nrf_drv_uart.o
    0x00020ca8   0x00000018   Code   RO         1446    i.rx_enable         nrf_drv_uart.o
    0x00020cc0   0x00000010   Code   RO         2652    i.sd_check_ram_start  softdevice_handler.o
    0x00020cd0   0x00000016   Code   RO         2244    i.sensorsim_init    sensorsim.o
    0x00020ce6   0x00000002   PAD
    0x00020ce8   0x00000088   Code   RO          714    i.service_data_encode  ble_advdata.o
    0x00020d70   0x000000d4   Code   RO           17    i.services_init     main.o
    0x00020e44   0x00000028   Code   RO           18    i.sleep_mode_enter  main.o
    0x00020e6c   0x0000003c   Code   RO         1674    i.sm_state_change   pstorage.o
    0x00020ea8   0x00000014   Code   RO         2653    i.softdevice_ble_evt_handler_set  softdevice_handler.o
    0x00020ebc   0x00000014   Code   RO         2654    i.softdevice_enable  softdevice_handler.o
    0x00020ed0   0x00000026   Code   RO         2655    i.softdevice_enable_get_default_config  softdevice_handler.o
    0x00020ef6   0x00000004   Code   RO         2656    i.softdevice_fault_handler  softdevice_handler.o
    0x00020efa   0x00000002   PAD
    0x00020efc   0x00000030   Code   RO         2657    i.softdevice_handler_init  softdevice_handler.o
    0x00020f2c   0x00000014   Code   RO         2660    i.softdevice_sys_evt_handler_set  softdevice_handler.o
    0x00020f40   0x00000068   Code   RO         1675    i.state_data_erase_swap_entry_run  pstorage.o
    0x00020fa8   0x0000000c   Code   RO         1676    i.state_erase_data_page_entry_run  pstorage.o
    0x00020fb4   0x0000002c   Code   RO         1677    i.state_restore_head_entry_run  pstorage.o
    0x00020fe0   0x00000050   Code   RO         1678    i.state_restore_tail_entry_run  pstorage.o
    0x00021030   0x0000001e   Code   RO         1679    i.state_swap_erase_entry_run  pstorage.o
    0x0002104e   0x00000002   PAD
    0x00021050   0x00000030   Code   RO         1680    i.state_write_data_swap_entry_run  pstorage.o
    0x00021080   0x00000004   Code   RO          950    i.storage_operation_dummy_handler  device_manager_peripheral.o
    0x00021084   0x0000005c   Code   RO         1681    i.store_cmd_flash_write_execute  pstorage.o
    0x000210e0   0x00000018   Code   RO         1682    i.swap_erase_state_run  pstorage.o
    0x000210f8   0x00000014   Code   RO         1683    i.swap_sub_state_err_busy_process  pstorage.o
    0x0002110c   0x00000014   Code   RO         1684    i.swap_sub_state_state_change  pstorage.o
    0x00021120   0x00000012   Code   RO           19    i.sys_evt_dispatch  main.o
    0x00021132   0x00000002   PAD
    0x00021134   0x00000014   Code   RO         1685    i.tail_restore_state_run  pstorage.o
    0x00021148   0x0000008c   Code   RO         2511    i.timer_list_handler  app_timer.o
    0x000211d4   0x0000003c   Code   RO         2512    i.timer_list_insert  app_timer.o
    0x00021210   0x00000084   Code   RO         2513    i.timer_timeouts_check  app_timer.o
    0x00021294   0x00000024   Code   RO         1447    i.tx_byte           nrf_drv_uart.o
    0x000212b8   0x00000024   Code   RO         1448    i.tx_done_event     nrf_drv_uart.o
    0x000212dc   0x000000a8   Code   RO         1899    i.uart_event_handler  app_uart_fifo.o
    0x00021384   0x00000012   Code   RO           20    i.uart_events_handler  main.o
    0x00021396   0x00000002   PAD
    0x00021398   0x00000108   Code   RO         1449    i.uart_irq_handler  nrf_drv_uart.o
    0x000214a0   0x000000d8   Code   RO         1450    i.uarte_irq_handler  nrf_drv_uart.o
    0x00021578   0x0000000a   Code   RO          388    i.uint16_encode     ble_pbs.o
    0x00021582   0x0000000a   Code   RO          715    i.uint16_encode     ble_advdata.o
    0x0002158c   0x00000012   Code   RO          389    i.uint32_encode     ble_pbs.o
    0x0002159e   0x00000002   PAD
    0x000215a0   0x00000014   Code   RO          951    i.update_status_bit_reset  device_manager_peripheral.o
    0x000215b4   0x00000060   Code   RO          795    i.update_timeout_handler  ble_conn_params.o
    0x00021614   0x00000044   Code   RO         2514    i.user_id_get       app_timer.o
    0x00021658   0x00000028   Code   RO         2515    i.user_op_alloc     app_timer.o
    0x00021680   0x00000030   Code   RO          716    i.uuid_list_encode  ble_advdata.o
    0x000216b0   0x0000009e   Code   RO          717    i.uuid_list_sized_encode  ble_advdata.o
    0x0002174e   0x0000000e   Code   RO          638    i.whitelist_has_entries  ble_advertising.o
    0x0002175c   0x00000010   Data   RO           23    .constdata          main.o
    0x0002176c   0x00000010   Data   RO          390    .constdata          ble_pbs.o
    0x0002177c   0x0000003c   Data   RO          497    .constdata          bsp.o
    0x000217b8   0x00000004   Data   RO          798    .constdata          ble_conn_params.o
    0x000217bc   0x00000034   Data   RO          953    .constdata          device_manager_peripheral.o
    0x000217f0   0x00000020   Data   RO         1452    .constdata          nrf_drv_uart.o
    0x00021810   0x00000028   Data   RO         1687    .constdata          pstorage.o
    0x00021838   0x00000020   Data   RO         1901    .constdata          app_uart_fifo.o
    0x00021858   0x00000008   Data   RO         2126    .constdata          app_button.o
    0x00021860   0x00000020   Data   RO         3126    Region$$Table       anon$$obj.o


    Execution Region RW_IRAM1 (Base: 0x20001f00, Size: 0x00004b70, Max: 0x00006100, ABSOLUTE, COMPRESSED[0x00000024])

    Base Addr    Size         Type   Attr      Idx    E Section Name        Object

    0x20001f00   0x00000014   Data   RW           24    .data               main.o
    0x20001f14   0x00000030   Data   RW          322    .data               int_flash.o
    0x20001f44   0x00000008   Data   RW          391    .data               ble_pbs.o
    0x20001f4c   0x00000018   Data   RW          498    .data               bsp.o
    0x20001f64   0x00000008   Data   RW          590    .data               bsp_btn_ble.o
    0x20001f6c   0x0000001f   Data   RW          640    .data               ble_advertising.o
    0x20001f8b   0x00000001   PAD
    0x20001f8c   0x00000014   Data   RW          799    .data               ble_conn_params.o
    0x20001fa0   0x00000018   Data   RW          954    .data               device_manager_peripheral.o
    0x20001fb8   0x00000024   Data   RW         1688    .data               pstorage.o
    0x20001fdc   0x00000008   Data   RW         1902    .data               app_uart_fifo.o
    0x20001fe4   0x00000014   Data   RW         2127    .data               app_button.o
    0x20001ff8   0x00000004   Data   RW         2289    .data               retarget.o
    0x20001ffc   0x00000020   Data   RW         2516    .data               app_timer.o
    0x2000201c   0x00000014   Data   RW         2661    .data               softdevice_handler.o
    0x20002030   0x00000004   Data   RW         2750    .data               system_nrf52.o
    0x20002034   0x00000004   Data   RW         3103    .data               mc_w.l(mvars.o)
    0x20002038   0x00000004   Data   RW         3104    .data               mc_w.l(mvars.o)
    0x2000203c   0x00000020   Zero   RW           21    .bss                main.o
    0x2000205c   0x0000038c   Zero   RW           22    .bss                main.o
    0x200023e8   0x00000060   Zero   RW          320    .bss                int_flash.o
    0x20002448   0x00000020   Zero   RW          493    .bss                bsp.o
    0x20002468   0x00000020   Zero   RW          494    .bss                bsp.o
    0x20002488   0x0000000c   Zero   RW          495    .bss                bsp.o
    0x20002494   0x00000020   Zero   RW          496    .bss                bsp.o
    0x200024b4   0x00000103   Zero   RW          639    .bss                ble_advertising.o
    0x200025b7   0x00000001   PAD
    0x200025b8   0x00000020   Zero   RW          796    .bss                ble_conn_params.o
    0x200025d8   0x0000001c   Zero   RW          797    .bss                ble_conn_params.o
    0x200025f4   0x0000014f   Zero   RW          952    .bss                device_manager_peripheral.o
    0x20002743   0x00000001   PAD
    0x20002744   0x00000058   Zero   RW         1234    .bss                nrf_drv_gpiote.o
    0x2000279c   0x00000020   Zero   RW         1451    .bss                nrf_drv_uart.o
    0x200027bc   0x00000274   Zero   RW         1686    .bss                pstorage.o
    0x20002a30   0x00000020   Zero   RW         1900    .bss                app_uart_fifo.o
    0x20002a50   0x00000020   Zero   RW         2125    .bss                app_button.o
    0x20002a70   0x00002000   Zero   RW         2739    HEAP                arm_startup_nrf52.o
    0x20004a70   0x00002000   Zero   RW         2738    STACK               arm_startup_nrf52.o


==============================================================================

Image component sizes


      Code (inc. data)   RO Data    RW Data    ZI Data      Debug   Object Name

       332         34          8         20         32       9230   app_button.o
        56         10          0          0          0      29242   app_error.o
       118          0          0          0          0       3830   app_fifo.o
      1772        100          0         32          0      49027   app_timer.o
       376         36         32          8         32       9127   app_uart_fifo.o
        36         10       1024          0      16384        824   arm_startup_nrf52.o
      1540          0          0          0          0      18400   ble_advdata.o
      1042         44          0         31        259       8337   ble_advertising.o
       444         56          4         20         60      12524   ble_conn_params.o
      2172        508         16          8          0      14371   ble_pbs.o
      1136        108         60         24        108       9357   bsp.o
       260         10          0          8          0       4361   bsp_btn_ble.o
      2866        160         52         24        335      30493   device_manager_peripheral.o
       632         50          0         48         96       5574   int_flash.o
      1946        358         16         20        940     119514   main.o
       144          0          0          0          0       1635   nrf_delay.o
        56          0          0          0          0      27471   nrf_drv_common.o
       994         92          0          0         88      23344   nrf_drv_gpiote.o
      1784        144         32          0         32      33047   nrf_drv_uart.o
      2770        248         40         36        628      36286   pstorage.o
        14          0          0          4          0       2582   retarget.o
        22          0          0          0          0       1159   sensorsim.o
       314         44          0         20          0       9193   softdevice_handler.o
       604         42          0          4          0       2303   system_nrf52.o

    ----------------------------------------------------------------------
     21470       2054       1316        308      18996     461231   Object Totals
         0          0         32          0          0          0   (incl. Generated)
        40          0          0          1          2          0   (incl. Padding)

    ----------------------------------------------------------------------

      Code (inc. data)   RO Data    RW Data    ZI Data      Debug   Library Member Name

        58          0          0          0          0          0   __dczerorl.o
         0          0          0          0          0          0   entry.o
         0          0          0          0          0          0   entry10a.o
         0          0          0          0          0          0   entry11a.o
         8          4          0          0          0          0   entry2.o
         4          0          0          0          0          0   entry5.o
         0          0          0          0          0          0   entry7b.o
         0          0          0          0          0          0   entry8b.o
         8          4          0          0          0          0   entry9a.o
        30          0          0          0          0          0   handlers.o
        36          8          0          0          0         68   init.o
         0          0          0          0          0          0   iusefp.o
        30          0          0          0          0         68   llshl.o
        36          0          0          0          0         68   llsshr.o
        32          0          0          0          0         68   llushr.o
       188         20          0          0          0        160   malloc.o
        26          0          0          0          0         80   memcmp.o
        36          0          0          0          0         68   memcpya.o
        36          0          0          0          0        108   memseta.o
         0          0          0          8          0          0   mvars.o
      2226         90          0          0          0        444   printfa.o
        44          0          0          0          0         80   uidiv.o
        98          0          0          0          0         92   uldiv.o
        48          0          0          0          0         68   cdrcmple.o
       334          0          0          0          0        148   dadd.o
       222          0          0          0          0        100   ddiv.o
       186          0          0          0          0        176   depilogue.o
        48          0          0          0          0         68   dfixul.o
       228          0          0          0          0         96   dmul.o

    ----------------------------------------------------------------------
      3966        126          0          8          0       1960   Library Totals
         4          0          0          0          0          0   (incl. Padding)

    ----------------------------------------------------------------------

      Code (inc. data)   RO Data    RW Data    ZI Data      Debug   Library Name

      2896        126          0          8          0       1304   mc_w.l
      1066          0          0          0          0        656   mf_w.l

    ----------------------------------------------------------------------
      3966        126          0          8          0       1960   Library Totals

    ----------------------------------------------------------------------

==============================================================================


      Code (inc. data)   RO Data    RW Data    ZI Data      Debug   

     25436       2180       1316        316      18996     440835   Grand Totals
     25436       2180       1316         36      18996     440835   ELF Image Totals (compressed)
     25436       2180       1316         36          0          0   ROM Totals

==============================================================================

    Total RO  Size (Code + RO Data)                26752 (  26.13kB)
    Total RW  Size (RW Data + ZI Data)             19312 (  18.86kB)
    Total ROM Size (Code + RO Data + RW Data)      26788 (  26.16kB)

==============================================================================

